<?php
//version:5.6.0
$x = (10 - 5 + 8);
echo(5 % 3) . "\n"; // prints 2
echo(5 % -3) . "\n"; // prints 2
echo(-5 % 3) . "\n"; // prints -2
echo(-5 % -3) . "\n"; // prints -2

echo(10 ** 2);

$b = $a - 10;
$b = $a - $c;
$b = $a + $c;

time() - $time;
time() - time();
$time - time();
