<?php
//version:8
($obj->get() &$var);
($obj->get()&($var));
($obj->property &$var);
$b = &$a;
function a(Typehint &$var) {

}
