<?php
//passes:Default,CakePHPStyle
//version:8.2
$a = &$b;
