<?php

//passes:MergeNamespaceWithOpenTag,NoSpaceAfterPHPDocBlocks,StripNewlineAfterCurlyOpen,StripNewlineAfterClassOpen,PrettyPrintDocBlocks,AlignTypehint,AlignDoubleSlashComments,GeneratePHPDoc,OrderMethod,DocBlockToComment,StrictComparison,WordWrap,PSR2EmptyFunction
//version:8
$a . $b;
