<?php
//passes:AutoSemicolon

echo($a);

foreach ($a as $v) {

}

echo [$a];
