<?php
//passes:AlignEquals
$a     = 1;
$b     = 2;
$caaa .= 1;
$d     = 2;
$da   .= 1;
$ewww .= 2;