<?php
$response = Http::retry(3, 100, throw: false)->post( /* ... */);
