<?php
//passes:AutoSemicolon
//version:8.0

$test = 'a';
$array = [
	'value' => match ($test) {
		'a' => 1,
		'b' => 2,
	},
];
$array = [
	'value' => match ($test) {
		'a' => 1,
		'b' => 2,
	},
];