<?php
//passes:PSR2ModifierVisibilityStaticOrder
//version:8
function foo(?string $bar): void {
}
class Foo {
	public static function bar(?string $baz) {
	}
}

function faa(?string $bar): void {
}