<?php
//passes:ResizeSpaces

bar(empty: false, CLASS: false);