<?php
//passes:AutoSemicolon

$j->first(fn($a) => $a === 2) ?? 3;

$j->first(fn($a) => $a === 1) ?? 1;

$j->first(fn($a) => $a === 1)
< 1;

$j->first(fn($a) => $a === 1) ??= 1;